// Jest Snapshot v1, https://goo.gl/fbAQLP

exports[`Toast renders correctly 1`] = `
<div>
  <div
    class="shadow relative"
    role="status"
    style="background: #5bc0de;"
  >
    <div
      class="container flex items-center justify-between"
    >
      <div>
        content
      </div>
       
      <button
        class="bg-black bg-opacity-30 text-gray-100 hover:bg-opacity-60 hover:text-white focus:outline-none focus:ring-2 focus:ring-inset focus:ring-gray-600 rounded-full p-1 inline-flex items-center justify-center"
        title="Close"
        type="button"
      >
        <svg
          class="svelte-vk0vfl"
          style="width: 1.5rem; height: 1.5rem; fill: currentColor;"
          viewBox="0 0 24 24"
        >
          
          <path
            d="M19,6.41L17.59,5L12,10.59L6.41,5L5,6.41L10.59,12L5,17.59L6.41,19L12,13.41L17.59,19L19,17.59L13.41,12L19,6.41Z"
          />
        </svg>
      </button>
    </div>
     
    <div
      aria-label="notification timer"
      class="absolute bg-black bg-opacity-40 h-1 bottom-0 left-0"
      role="progressbar"
      style="width: 0%;"
    />
  </div>
</div>
`;
